Full factorial experiment: 800 executions
Output: /home/nbl0582/scheduling/lawler/lawler_combined_results
Previously recorded: 0

n= 5 density=sparse K= 5 instance=1 N=12 W=25 cloud=1/5 DP=0.0011s recon=0.0074s
n= 5 density=sparse K=10 instance=1 N=12 W=33 cloud=1/5 DP=0.0013s recon=0.0089s
n= 5 density=sparse K=20 instance=1 N=12 W=49 cloud=0/5 DP=0.0022s recon=0.0190s
n= 5 density=sparse K=40 instance=1 N=12 W=80 cloud=0/5 DP=0.0041s recon=0.0371s
n= 5 density=sparse K=80 instance=1 N=12 W=140 cloud=0/5 DP=0.0090s recon=0.0838s
n= 5 density=sparse K= 5 instance=2 N=11 W=32 cloud=1/5 DP=0.0022s recon=0.0162s
n= 5 density=sparse K=10 instance=2 N=11 W=42 cloud=1/5 DP=0.0032s recon=0.0257s
n= 5 density=sparse K=20 instance=2 N=11 W=60 cloud=1/5 DP=0.0060s recon=0.0447s
n= 5 density=sparse K=40 instance=2 N=11 W=99 cloud=1/5 DP=0.0140s recon=0.1056s
n= 5 density=sparse K=80 instance=2 N=11 W=175 cloud=1/5 DP=0.0374s recon=0.2996s
n= 5 density=sparse K= 5 instance=3 N=12 W=32 cloud=2/5 DP=0.0025s recon=0.0171s
n= 5 density=sparse K=10 instance=3 N=12 W=42 cloud=2/5 DP=0.0032s recon=0.0234s
n= 5 density=sparse K=20 instance=3 N=12 W=64 cloud=1/5 DP=0.0056s recon=0.0489s
n= 5 density=sparse K=40 instance=3 N=12 W=108 cloud=1/5 DP=0.0120s recon=0.1082s
n= 5 density=sparse K=80 instance=3 N=12 W=195 cloud=1/5 DP=0.0323s recon=0.2845s
n= 5 density=sparse K= 5 instance=4 N=12 W=30 cloud=1/5 DP=0.0007s recon=0.0043s
n= 5 density=sparse K=10 instance=4 N=12 W=39 cloud=1/5 DP=0.0008s recon=0.0070s
n= 5 density=sparse K=20 instance=4 N=12 W=55 cloud=1/5 DP=0.0012s recon=0.0106s
n= 5 density=sparse K=40 instance=4 N=12 W=89 cloud=1/5 DP=0.0023s recon=0.0190s
n= 5 density=sparse K=80 instance=4 N=12 W=158 cloud=1/5 DP=0.0048s recon=0.0429s
n= 5 density=sparse K= 5 instance=5 N=12 W=42 cloud=1/5 DP=0.0053s recon=0.0342s
n= 5 density=sparse K=10 instance=5 N=12 W=60 cloud=0/5 DP=0.0092s recon=0.0830s
n= 5 density=sparse K=20 instance=5 N=12 W=94 cloud=0/5 DP=0.0196s recon=0.1825s
n= 5 density=sparse K=40 instance=5 N=12 W=163 cloud=0/5 DP=0.0533s recon=0.4923s
n= 5 density=sparse K=80 instance=5 N=12 W=297 cloud=0/5 DP=0.1627s recon=1.5466s
n= 5 density=light  K= 5 instance=1 N=11 W=28 cloud=2/5 DP=0.0007s recon=0.0040s
n= 5 density=light  K=10 instance=1 N=11 W=32 cloud=2/5 DP=0.0007s recon=0.0045s
n= 5 density=light  K=20 instance=1 N=11 W=42 cloud=2/5 DP=0.0009s recon=0.0052s
n= 5 density=light  K=40 instance=1 N=11 W=61 cloud=1/5 DP=0.0012s recon=0.0087s
n= 5 density=light  K=80 instance=1 N=11 W=97 cloud=1/5 DP=0.0018s recon=0.0137s
n= 5 density=light  K= 5 instance=2 N=11 W=37 cloud=1/5 DP=0.0030s recon=0.0186s
n= 5 density=light  K=10 instance=2 N=11 W=50 cloud=0/5 DP=0.0047s recon=0.0360s
n= 5 density=light  K=20 instance=2 N=11 W=79 cloud=0/5 DP=0.0089s recon=0.0699s
n= 5 density=light  K=40 instance=2 N=11 W=135 cloud=0/5 DP=0.0203s recon=0.1676s
n= 5 density=light  K=80 instance=2 N=11 W=249 cloud=0/5 DP=0.0570s recon=0.4955s
n= 5 density=light  K= 5 instance=3 N=12 W=36 cloud=1/5 DP=0.0015s recon=0.0119s
n= 5 density=light  K=10 instance=3 N=12 W=51 cloud=1/5 DP=0.0024s recon=0.0201s
n= 5 density=light  K=20 instance=3 N=12 W=82 cloud=1/5 DP=0.0048s recon=0.0407s
n= 5 density=light  K=40 instance=3 N=12 W=144 cloud=0/5 DP=0.0122s recon=0.1190s
n= 5 density=light  K=80 instance=3 N=12 W=266 cloud=0/5 DP=0.0374s recon=0.3582s
n= 5 density=light  K= 5 instance=4 N=11 W=34 cloud=1/5 DP=0.0028s recon=0.0192s
n= 5 density=light  K=10 instance=4 N=11 W=51 cloud=1/5 DP=0.0050s recon=0.0333s
n= 5 density=light  K=20 instance=4 N=11 W=81 cloud=0/5 DP=0.0099s recon=0.0797s
n= 5 density=light  K=40 instance=4 N=11 W=142 cloud=0/5 DP=0.0289s recon=0.2151s
n= 5 density=light  K=80 instance=4 N=11 W=264 cloud=0/5 DP=0.0754s recon=0.6392s
n= 5 density=light  K= 5 instance=5 N=11 W=33 cloud=1/5 DP=0.0015s recon=0.0097s
n= 5 density=light  K=10 instance=5 N=11 W=46 cloud=1/5 DP=0.0021s recon=0.0127s
n= 5 density=light  K=20 instance=5 N=11 W=72 cloud=1/5 DP=0.0040s recon=0.0224s
n= 5 density=light  K=40 instance=5 N=11 W=124 cloud=0/5 DP=0.0085s recon=0.0738s
n= 5 density=light  K=80 instance=5 N=11 W=228 cloud=0/5 DP=0.0230s recon=0.2012s
n= 5 density=medium K= 5 instance=1 N=11 W=33 cloud=1/5 DP=0.0023s recon=0.0145s
n= 5 density=medium K=10 instance=1 N=11 W=42 cloud=1/5 DP=0.0032s recon=0.0192s
n= 5 density=medium K=20 instance=1 N=11 W=62 cloud=1/5 DP=0.0055s recon=0.0335s
n= 5 density=medium K=40 instance=1 N=11 W=102 cloud=1/5 DP=0.0121s recon=0.0671s
n= 5 density=medium K=80 instance=1 N=11 W=182 cloud=0/5 DP=0.0322s recon=0.2793s
n= 5 density=medium K= 5 instance=2 N=12 W=36 cloud=2/5 DP=0.0017s recon=0.0103s
n= 5 density=medium K=10 instance=2 N=12 W=47 cloud=1/5 DP=0.0025s recon=0.0185s
n= 5 density=medium K=20 instance=2 N=12 W=70 cloud=1/5 DP=0.0034s recon=0.0286s
n= 5 density=medium K=40 instance=2 N=12 W=115 cloud=0/5 DP=0.0063s recon=0.0569s
n= 5 density=medium K=80 instance=2 N=12 W=207 cloud=0/5 DP=0.0152s recon=0.1449s
n= 5 density=medium K= 5 instance=3 N=12 W=37 cloud=1/5 DP=0.0043s recon=0.0334s
n= 5 density=medium K=10 instance=3 N=12 W=50 cloud=1/5 DP=0.0065s recon=0.0494s
n= 5 density=medium K=20 instance=3 N=12 W=78 cloud=1/5 DP=0.0122s recon=0.0926s
n= 5 density=medium K=40 instance=3 N=12 W=133 cloud=0/5 DP=0.0302s recon=0.2777s
n= 5 density=medium K=80 instance=3 N=12 W=242 cloud=0/5 DP=0.0867s recon=0.8066s
n= 5 density=medium K= 5 instance=4 N=11 W=30 cloud=2/5 DP=0.0007s recon=0.0052s
n= 5 density=medium K=10 instance=4 N=11 W=39 cloud=1/5 DP=0.0011s recon=0.0067s
n= 5 density=medium K=20 instance=4 N=11 W=58 cloud=0/5 DP=0.0014s recon=0.0112s
n= 5 density=medium K=40 instance=4 N=11 W=97 cloud=0/5 DP=0.0027s recon=0.0237s
n= 5 density=medium K=80 instance=4 N=11 W=174 cloud=0/5 DP=0.0062s recon=0.0560s
n= 5 density=medium K= 5 instance=5 N=12 W=38 cloud=1/5 DP=0.0015s recon=0.0124s
n= 5 density=medium K=10 instance=5 N=12 W=52 cloud=1/5 DP=0.0022s recon=0.0181s
n= 5 density=medium K=20 instance=5 N=12 W=79 cloud=1/5 DP=0.0040s recon=0.0329s
n= 5 density=medium K=40 instance=5 N=12 W=133 cloud=0/5 DP=0.0087s recon=0.0880s
n= 5 density=medium K=80 instance=5 N=12 W=241 cloud=0/5 DP=0.0234s recon=0.2354s
n= 5 density=dense  K= 5 instance=1 N=13 W=32 cloud=1/5 DP=0.0019s recon=0.0102s
n= 5 density=dense  K=10 instance=1 N=13 W=45 cloud=1/5 DP=0.0030s recon=0.0156s
n= 5 density=dense  K=20 instance=1 N=13 W=70 cloud=0/5 DP=0.0060s recon=0.0664s
n= 5 density=dense  K=40 instance=1 N=13 W=120 cloud=0/5 DP=0.0148s recon=0.1615s
n= 5 density=dense  K=80 instance=1 N=13 W=220 cloud=0/5 DP=0.0446s recon=0.4942s
n= 5 density=dense  K= 5 instance=2 N=12 W=35 cloud=1/5 DP=0.0053s recon=0.0350s
n= 5 density=dense  K=10 instance=2 N=12 W=47 cloud=1/5 DP=0.0090s recon=0.0519s
n= 5 density=dense  K=20 instance=2 N=12 W=74 cloud=1/5 DP=0.0162s recon=0.1306s
n= 5 density=dense  K=40 instance=2 N=12 W=127 cloud=1/5 DP=0.0411s recon=0.3240s
n= 5 density=dense  K=80 instance=2 N=12 W=233 cloud=1/5 DP=0.1158s recon=0.9615s
n= 5 density=dense  K= 5 instance=3 N=12 W=33 cloud=2/5 DP=0.0054s recon=0.0273s
n= 5 density=dense  K=10 instance=3 N=12 W=44 cloud=2/5 DP=0.0080s recon=0.0407s
n= 5 density=dense  K=20 instance=3 N=12 W=64 cloud=1/5 DP=0.0138s recon=0.0696s
n= 5 density=dense  K=40 instance=3 N=12 W=106 cloud=0/5 DP=0.0313s recon=0.2489s
n= 5 density=dense  K=80 instance=3 N=12 W=190 cloud=0/5 DP=0.0888s recon=0.6725s
n= 5 density=dense  K= 5 instance=4 N=13 W=36 cloud=1/5 DP=0.0041s recon=0.0300s
n= 5 density=dense  K=10 instance=4 N=13 W=50 cloud=0/5 DP=0.0064s recon=0.0602s
n= 5 density=dense  K=20 instance=4 N=13 W=78 cloud=0/5 DP=0.0133s recon=0.1270s
n= 5 density=dense  K=40 instance=4 N=13 W=134 cloud=0/5 DP=0.0335s recon=0.3291s
n= 5 density=dense  K=80 instance=4 N=13 W=247 cloud=0/5 DP=0.1003s recon=1.0056s
n= 5 density=dense  K= 5 instance=5 N=12 W=33 cloud=2/5 DP=0.0048s recon=0.0220s
n= 5 density=dense  K=10 instance=5 N=12 W=48 cloud=1/5 DP=0.0081s recon=0.0639s
n= 5 density=dense  K=20 instance=5 N=12 W=76 cloud=1/5 DP=0.0175s recon=0.1355s
n= 5 density=dense  K=40 instance=5 N=12 W=133 cloud=1/5 DP=0.0432s recon=0.3598s
n= 5 density=dense  K=80 instance=5 N=12 W=247 cloud=1/5 DP=0.1358s recon=1.1094s
n=10 density=sparse K= 5 instance=1 N=18 W=79 cloud=3/10 DP=0.0564s recon=0.4937s
n=10 density=sparse K=10 instance=1 N=18 W=109 cloud=2/10 DP=0.0935s recon=0.8753s
n=10 density=sparse K=20 instance=1 N=18 W=168 cloud=2/10 DP=0.2036s recon=1.8526s
n=10 density=sparse K=40 instance=1 N=18 W=288 cloud=2/10 DP=0.5422s recon=4.7602s
n=10 density=sparse K=80 instance=1 N=18 W=527 cloud=1/10 DP=1.8074s recon=18.2853s
n=10 density=sparse K= 5 instance=2 N=18 W=53 cloud=2/10 DP=0.0194s recon=0.1782s
n=10 density=sparse K=10 instance=2 N=18 W=67 cloud=1/10 DP=0.0303s recon=0.3566s
n=10 density=sparse K=20 instance=2 N=18 W=96 cloud=1/10 DP=0.0587s recon=0.7062s
n=10 density=sparse K=40 instance=2 N=18 W=151 cloud=0/10 DP=0.1404s recon=2.0484s
n=10 density=sparse K=80 instance=2 N=18 W=262 cloud=0/10 DP=0.4214s recon=6.0664s
n=10 density=sparse K= 5 instance=3 N=18 W=65 cloud=2/10 DP=0.0486s recon=0.4475s
n=10 density=sparse K=10 instance=3 N=18 W=90 cloud=2/10 DP=0.0897s recon=1.0609s
n=10 density=sparse K=20 instance=3 N=18 W=140 cloud=2/10 DP=0.2029s recon=2.4085s
n=10 density=sparse K=40 instance=3 N=18 W=239 cloud=2/10 DP=0.5597s recon=6.7292s
n=10 density=sparse K=80 instance=3 N=18 W=437 cloud=1/10 DP=1.8684s recon=27.5781s
n=10 density=sparse K= 5 instance=4 N=18 W=74 cloud=4/10 DP=0.0259s recon=0.1944s
n=10 density=sparse K=10 instance=4 N=18 W=98 cloud=3/10 DP=0.0433s recon=0.3140s
n=10 density=sparse K=20 instance=4 N=18 W=148 cloud=2/10 DP=0.0875s recon=0.7568s
n=10 density=sparse K=40 instance=4 N=18 W=248 cloud=0/10 DP=0.2238s recon=3.3309s
n=10 density=sparse K=80 instance=4 N=18 W=447 cloud=0/10 DP=0.7203s recon=10.7973s
n=10 density=sparse K= 5 instance=5 N=18 W=73 cloud=1/10 DP=0.0300s recon=0.4272s
n=10 density=sparse K=10 instance=5 N=18 W=108 cloud=1/10 DP=0.0643s recon=0.9108s
n=10 density=sparse K=20 instance=5 N=18 W=177 cloud=0/10 DP=0.1711s recon=2.6086s
n=10 density=sparse K=40 instance=5 N=18 W=315 cloud=0/10 DP=0.5418s recon=8.1913s
n=10 density=sparse K=80 instance=5 N=18 W=591 cloud=0/10 DP=2.0171s recon=31.0147s
n=10 density=light  K= 5 instance=1 N=18 W=72 cloud=3/10 DP=0.0351s recon=0.3174s
n=10 density=light  K=10 instance=1 N=18 W=97 cloud=3/10 DP=0.0604s recon=0.5133s
n=10 density=light  K=20 instance=1 N=18 W=147 cloud=1/10 DP=0.1287s recon=1.4613s
n=10 density=light  K=40 instance=1 N=18 W=248 cloud=0/10 DP=0.3442s recon=4.9889s
n=10 density=light  K=80 instance=1 N=18 W=449 cloud=0/10 DP=1.1027s recon=16.3612s
n=10 density=light  K= 5 instance=2 N=18 W=77 cloud=2/10 DP=0.0515s recon=0.6306s
n=10 density=light  K=10 instance=2 N=18 W=113 cloud=2/10 DP=0.1021s recon=1.2236s
n=10 density=light  K=20 instance=2 N=18 W=185 cloud=0/10 DP=0.2551s recon=3.8639s
n=10 density=light  K=40 instance=2 N=18 W=326 cloud=0/10 DP=0.7691s recon=11.6710s
n=10 density=light  K=80 instance=2 N=18 W=611 cloud=0/10 DP=2.7836s recon=42.3887s
n=10 density=light  K= 5 instance=3 N=18 W=77 cloud=3/10 DP=0.0525s recon=0.5249s
n=10 density=light  K=10 instance=3 N=18 W=109 cloud=3/10 DP=0.1003s recon=0.9845s
n=10 density=light  K=20 instance=3 N=18 W=174 cloud=1/10 DP=0.2369s recon=3.1918s
n=10 density=light  K=40 instance=3 N=18 W=301 cloud=1/10 DP=0.6681s recon=9.0906s
n=10 density=light  K=80 instance=3 N=18 W=556 cloud=1/10 DP=2.3143s recon=31.5699s
n=10 density=light  K= 5 instance=4 N=18 W=62 cloud=3/10 DP=0.0348s recon=0.3339s
n=10 density=light  K=10 instance=4 N=18 W=79 cloud=2/10 DP=0.0546s recon=0.5177s
n=10 density=light  K=20 instance=4 N=18 W=112 cloud=2/10 DP=0.1032s recon=0.9402s
n=10 density=light  K=40 instance=4 N=18 W=178 cloud=1/10 DP=0.2476s recon=2.6715s
n=10 density=light  K=80 instance=4 N=18 W=310 cloud=1/10 DP=0.6874s recon=7.4017s
n=10 density=light  K= 5 instance=5 N=18 W=73 cloud=3/10 DP=0.0281s recon=0.1973s
n=10 density=light  K=10 instance=5 N=18 W=100 cloud=2/10 DP=0.0528s recon=0.3441s
n=10 density=light  K=20 instance=5 N=18 W=155 cloud=1/10 DP=0.1291s recon=1.4523s
n=10 density=light  K=40 instance=5 N=18 W=263 cloud=1/10 DP=0.3630s recon=4.2479s
n=10 density=light  K=80 instance=5 N=18 W=479 cloud=0/10 DP=1.2860s recon=19.1481s
n=10 density=medium K= 5 instance=1 N=20 W=66 cloud=2/10 DP=0.0294s recon=0.3222s
n=10 density=medium K=10 instance=1 N=20 W=93 cloud=2/10 DP=0.0563s recon=0.5966s
n=10 density=medium K=20 instance=1 N=20 W=145 cloud=2/10 DP=0.1313s recon=1.3918s
n=10 density=medium K=40 instance=1 N=20 W=250 cloud=2/10 DP=0.3805s recon=3.9340s
n=10 density=medium K=80 instance=1 N=20 W=461 cloud=0/10 DP=1.3073s recon=21.6732s
n=10 density=medium K= 5 instance=2 N=18 W=73 cloud=3/10 DP=0.0556s recon=0.5111s
n=10 density=medium K=10 instance=2 N=18 W=101 cloud=2/10 DP=0.1024s recon=1.1862s
n=10 density=medium K=20 instance=2 N=18 W=158 cloud=1/10 DP=0.2386s recon=3.1799s
n=10 density=medium K=40 instance=2 N=18 W=271 cloud=1/10 DP=0.6683s recon=8.9769s
n=10 density=medium K=80 instance=2 N=18 W=500 cloud=0/10 DP=2.3364s recon=35.2465s
n=10 density=medium K= 5 instance=3 N=22 W=68 cloud=3/10 DP=0.1443s recon=1.4869s
n=10 density=medium K=10 instance=3 N=22 W=91 cloud=3/10 DP=0.2502s recon=2.5417s
n=10 density=medium K=20 instance=3 N=22 W=139 cloud=2/10 DP=0.5600s recon=6.6882s
n=10 density=medium K=40 instance=3 N=22 W=232 cloud=0/10 DP=1.5065s recon=24.5865s
n=10 density=medium K=80 instance=3 N=22 W=420 cloud=0/10 DP=5.0394s recon=82.5997s
n=10 density=medium K= 5 instance=4 N=20 W=71 cloud=3/10 DP=0.0342s recon=0.4569s
n=10 density=medium K=10 instance=4 N=20 W=99 cloud=2/10 DP=0.0600s recon=0.9323s
n=10 density=medium K=20 instance=4 N=20 W=154 cloud=1/10 DP=0.1284s recon=2.0793s
n=10 density=medium K=40 instance=4 N=20 W=264 cloud=0/10 DP=0.3427s recon=5.8550s
n=10 density=medium K=80 instance=4 N=20 W=487 cloud=0/10 DP=1.1761s recon=19.7462s
n=10 density=medium K= 5 instance=5 N=18 W=61 cloud=2/10 DP=0.0591s recon=0.6284s
n=10 density=medium K=10 instance=5 N=18 W=80 cloud=2/10 DP=0.0945s recon=0.9804s
n=10 density=medium K=20 instance=5 N=18 W=120 cloud=2/10 DP=0.1982s recon=2.0219s
n=10 density=medium K=40 instance=5 N=18 W=198 cloud=1/10 DP=0.5159s recon=6.6405s
n=10 density=medium K=80 instance=5 N=18 W=357 cloud=0/10 DP=1.6779s recon=25.1556s
n=10 density=dense  K= 5 instance=1 N=28 W=76 cloud=3/10 DP=0.1186s recon=2.0587s
n=10 density=dense  K=10 instance=1 N=28 W=105 cloud=2/10 DP=0.1939s recon=3.8837s
n=10 density=dense  K=20 instance=1 N=28 W=163 cloud=1/10 DP=0.3946s recon=9.2664s
n=10 density=dense  K=40 instance=1 N=28 W=275 cloud=1/10 DP=0.9806s recon=23.8122s
n=10 density=dense  K=80 instance=1 N=28 W=503 cloud=0/10 DP=3.1737s recon=79.7649s
n=10 density=dense  K= 5 instance=2 N=23 W=86 cloud=4/10 DP=0.0647s recon=0.6101s
n=10 density=dense  K=10 instance=2 N=23 W=121 cloud=3/10 DP=0.1182s recon=1.0582s
n=10 density=dense  K=20 instance=2 N=23 W=188 cloud=1/10 DP=0.2611s recon=3.3722s
n=10 density=dense  K=40 instance=2 N=23 W=324 cloud=0/10 DP=0.7273s recon=12.2974s
n=10 density=dense  K=80 instance=2 N=23 W=596 cloud=0/10 DP=2.4996s recon=42.5330s
n=10 density=dense  K= 5 instance=3 N=26 W=65 cloud=2/10 DP=0.1822s recon=2.4987s
n=10 density=dense  K=10 instance=3 N=26 W=89 cloud=2/10 DP=0.3069s recon=3.9834s
n=10 density=dense  K=20 instance=3 N=26 W=138 cloud=1/10 DP=0.6463s recon=9.9812s
n=10 density=dense  K=40 instance=3 N=26 W=233 cloud=0/10 DP=1.6235s recon=30.9102s
n=10 density=dense  K=80 instance=3 N=26 W=426 cloud=0/10 DP=5.2348s recon=99.8042s
n=10 density=dense  K= 5 instance=4 N=27 W=82 cloud=3/10 DP=0.1222s recon=1.7521s
n=10 density=dense  K=10 instance=4 N=27 W=119 cloud=2/10 DP=0.2332s recon=3.5895s
n=10 density=dense  K=20 instance=4 N=27 W=190 cloud=0/10 DP=0.5397s recon=10.1592s
n=10 density=dense  K=40 instance=4 N=27 W=333 cloud=0/10 DP=1.5366s recon=29.7081s
n=10 density=dense  K=80 instance=4 N=27 W=619 cloud=0/10 DP=5.3955s recon=104.9788s
n=10 density=dense  K= 5 instance=5 N=24 W=70 cloud=3/10 DP=0.1618s recon=1.8520s
n=10 density=dense  K=10 instance=5 N=24 W=97 cloud=3/10 DP=0.2878s recon=3.1991s
n=10 density=dense  K=20 instance=5 N=24 W=148 cloud=2/10 DP=0.6066s recon=7.9707s
n=10 density=dense  K=40 instance=5 N=24 W=250 cloud=2/10 DP=1.6064s recon=21.0555s
n=10 density=dense  K=80 instance=5 N=24 W=455 cloud=1/10 DP=5.4128s recon=97.1761s
n=15 density=sparse K= 5 instance=1 N=25 W=98 cloud=3/15 DP=0.3174s recon=5.3881s
n=15 density=sparse K=10 instance=1 N=25 W=132 cloud=2/15 DP=0.5509s recon=9.8714s
n=15 density=sparse K=20 instance=1 N=25 W=199 cloud=2/15 DP=1.1926s recon=21.4848s
n=15 density=sparse K=40 instance=1 N=25 W=333 cloud=1/15 DP=3.2487s recon=59.5195s
n=15 density=sparse K=80 instance=1 N=25 W=603 cloud=1/15 DP=11.4414s recon=208.1343s
n=15 density=sparse K= 5 instance=2 N=25 W=109 cloud=5/15 DP=0.5010s recon=4.7917s
n=15 density=sparse K=10 instance=2 N=25 W=141 cloud=5/15 DP=0.8077s recon=8.0537s
n=15 density=sparse K=20 instance=2 N=25 W=202 cloud=3/15 DP=1.7280s recon=21.9596s
n=15 density=sparse K=40 instance=2 N=25 W=325 cloud=1/15 DP=4.7672s recon=84.5760s
n=15 density=sparse K=80 instance=2 TIMEOUT
n=15 density=sparse K= 5 instance=3 N=25 W=112 cloud=3/15 DP=0.2543s recon=2.8794s
n=15 density=sparse K=10 instance=3 N=25 W=153 cloud=2/15 DP=0.4510s recon=5.6177s
n=15 density=sparse K=20 instance=3 N=25 W=241 cloud=2/15 DP=1.0817s recon=21.3446s
n=15 density=sparse K=40 instance=3 N=25 W=417 cloud=1/15 DP=3.2619s recon=64.8951s
n=15 density=sparse K=80 instance=3 N=25 W=768 cloud=1/15 DP=11.7471s recon=231.7383s
n=15 density=sparse K= 5 instance=4 N=25 W=98 cloud=3/15 DP=0.2430s recon=3.8333s
n=15 density=sparse K=10 instance=4 N=25 W=130 cloud=3/15 DP=0.4670s recon=6.1983s
n=15 density=sparse K=20 instance=4 N=25 W=196 cloud=1/15 DP=1.1245s recon=17.2134s
n=15 density=sparse K=40 instance=4 N=25 W=323 cloud=0/15 DP=3.1875s recon=67.8236s
n=15 density=sparse K=80 instance=4 N=25 W=576 cloud=0/15 DP=11.2107s recon=242.5104s
n=15 density=sparse K= 5 instance=5 N=25 W=104 cloud=4/15 DP=0.2064s recon=2.8844s
n=15 density=sparse K=10 instance=5 N=25 W=137 cloud=2/15 DP=0.3716s recon=5.6425s
n=15 density=sparse K=20 instance=5 N=25 W=204 cloud=2/15 DP=0.8462s recon=14.1876s
n=15 density=sparse K=40 instance=5 N=25 W=334 cloud=1/15 DP=2.3560s recon=41.2700s
n=15 density=sparse K=80 instance=5 N=25 W=598 cloud=1/15 DP=8.1268s recon=143.5866s
n=15 density=light  K= 5 instance=1 N=25 W=106 cloud=4/15 DP=0.3015s recon=3.3813s
n=15 density=light  K=10 instance=1 N=25 W=133 cloud=4/15 DP=0.4803s recon=5.1410s
n=15 density=light  K=20 instance=1 N=25 W=191 cloud=4/15 DP=1.0031s recon=10.0150s
n=15 density=light  K=40 instance=1 N=25 W=304 cloud=1/15 DP=2.5537s recon=39.0604s
n=15 density=light  K=80 instance=1 N=25 W=532 cloud=0/15 DP=8.4203s recon=174.7922s
n=15 density=light  K= 5 instance=2 N=25 W=105 cloud=4/15 DP=0.2474s recon=2.8616s
n=15 density=light  K=10 instance=2 N=25 W=140 cloud=3/15 DP=0.4179s recon=4.8550s
n=15 density=light  K=20 instance=2 N=25 W=207 cloud=1/15 DP=0.8263s recon=13.7615s
n=15 density=light  K=40 instance=2 N=25 W=342 cloud=1/15 DP=2.1475s recon=35.5044s
n=15 density=light  K=80 instance=2 N=25 W=612 cloud=1/15 DP=6.9507s recon=115.0227s
n=15 density=light  K= 5 instance=3 N=25 W=91 cloud=3/15 DP=0.1674s recon=3.1580s
n=15 density=light  K=10 instance=3 N=25 W=114 cloud=3/15 DP=0.2656s recon=5.0339s
n=15 density=light  K=20 instance=3 N=25 W=160 cloud=3/15 DP=0.5360s recon=10.0981s
n=15 density=light  K=40 instance=3 N=25 W=255 cloud=1/15 DP=1.3709s recon=29.1100s
n=15 density=light  K=80 instance=3 N=25 W=443 cloud=1/15 DP=4.3287s recon=92.3136s
n=15 density=light  K= 5 instance=4 N=28 W=115 cloud=3/15 DP=0.6250s recon=9.7308s
n=15 density=light  K=10 instance=4 N=28 W=158 cloud=2/15 DP=1.1666s recon=21.4329s
n=15 density=light  K=20 instance=4 N=28 W=246 cloud=1/15 DP=2.7757s recon=50.2388s
n=15 density=light  K=40 instance=4 N=28 W=419 cloud=1/15 DP=8.1409s recon=148.8132s
n=15 density=light  K=80 instance=4 TIMEOUT
n=15 density=light  K= 5 instance=5 N=25 W=96 cloud=4/15 DP=0.1856s recon=2.3411s
n=15 density=light  K=10 instance=5 N=25 W=135 cloud=3/15 DP=0.3417s recon=5.3140s
n=15 density=light  K=20 instance=5 N=25 W=211 cloud=3/15 DP=0.7741s recon=11.9815s
n=15 density=light  K=40 instance=5 N=25 W=361 cloud=1/15 DP=2.2020s recon=45.7923s
n=15 density=light  K=80 instance=5 N=25 W=664 cloud=1/15 DP=7.6935s recon=161.1291s
n=15 density=medium K= 5 instance=1 N=32 W=110 cloud=3/15 DP=0.3742s recon=8.1349s
n=15 density=medium K=10 instance=1 N=32 W=150 cloud=3/15 DP=0.6694s recon=14.5949s
n=15 density=medium K=20 instance=1 N=32 W=233 cloud=3/15 DP=1.5728s recon=33.8830s
n=15 density=medium K=40 instance=1 N=32 W=398 cloud=1/15 DP=4.7315s recon=118.3480s
n=15 density=medium K=80 instance=1 TIMEOUT
n=15 density=medium K= 5 instance=2 N=31 W=95 cloud=4/15 DP=0.9369s recon=14.5334s
n=15 density=medium K=10 instance=2 N=31 W=125 cloud=4/15 DP=1.4949s recon=24.8318s
n=15 density=medium K=20 instance=2 N=31 W=186 cloud=4/15 DP=2.9833s recon=48.6849s
n=15 density=medium K=40 instance=2 N=31 W=301 cloud=3/15 DP=7.1706s recon=120.2849s
n=15 density=medium K=80 instance=2 TIMEOUT
n=15 density=medium K= 5 instance=3 N=33 W=121 cloud=3/15 DP=1.1350s recon=20.5610s
n=15 density=medium K=10 instance=3 N=33 W=166 cloud=2/15 DP=2.0089s recon=41.5341s
n=15 density=medium K=20 instance=3 N=33 W=253 cloud=2/15 DP=4.4416s recon=92.3021s
n=15 density=medium K=40 instance=3 TIMEOUT
n=15 density=medium K=80 instance=3 TIMEOUT
n=15 density=medium K= 5 instance=4 N=29 W=120 cloud=5/15 DP=0.7635s recon=8.1578s
n=15 density=medium K=10 instance=4 N=29 W=160 cloud=4/15 DP=1.3288s recon=17.6888s
n=15 density=medium K=20 instance=4 N=29 W=243 cloud=3/15 DP=2.9521s recon=45.9328s
n=15 density=medium K=40 instance=4 N=29 W=408 cloud=2/15 DP=8.2990s recon=143.1743s
n=15 density=medium K=80 instance=4 TIMEOUT
n=15 density=medium K= 5 instance=5 N=33 W=100 cloud=4/15 DP=0.3447s recon=7.2110s
n=15 density=medium K=10 instance=5 N=33 W=132 cloud=4/15 DP=0.5949s recon=12.2577s
n=15 density=medium K=20 instance=5 N=33 W=197 cloud=4/15 DP=1.3117s recon=31.8667s
n=15 density=medium K=40 instance=5 N=33 W=327 cloud=4/15 DP=3.6646s recon=88.6641s
n=15 density=medium K=80 instance=5 TIMEOUT
n=15 density=dense  K= 5 instance=1 N=40 W=112 cloud=6/15 DP=0.8236s recon=17.0602s
n=15 density=dense  K=10 instance=1 N=40 W=151 cloud=6/15 DP=1.3377s recon=26.4543s
n=15 density=dense  K=20 instance=1 N=40 W=227 cloud=3/15 DP=2.6693s recon=61.3656s
n=15 density=dense  K=40 instance=1 N=40 W=383 cloud=2/15 DP=7.1138s recon=172.6767s
n=15 density=dense  K=80 instance=1 TIMEOUT
n=15 density=dense  K= 5 instance=2 N=39 W=113 cloud=5/15 DP=2.0264s recon=35.9227s
n=15 density=dense  K=10 instance=2 N=39 W=144 cloud=5/15 DP=3.1415s recon=54.8053s
n=15 density=dense  K=20 instance=2 N=39 W=206 cloud=5/15 DP=6.2407s recon=93.7050s
n=15 density=dense  K=40 instance=2 N=39 W=330 cloud=4/15 DP=15.9055s recon=265.1564s
n=15 density=dense  K=80 instance=2 TIMEOUT
n=15 density=dense  K= 5 instance=3 N=42 W=104 cloud=3/15 DP=1.5568s recon=42.5866s
n=15 density=dense  K=10 instance=3 N=42 W=130 cloud=3/15 DP=2.2379s recon=60.3914s
n=15 density=dense  K=20 instance=3 N=42 W=189 cloud=3/15 DP=4.2024s recon=119.9426s
n=15 density=dense  K=40 instance=3 N=42 W=303 cloud=3/15 DP=9.8383s recon=278.0671s
n=15 density=dense  K=80 instance=3 TIMEOUT
n=15 density=dense  K= 5 instance=4 N=38 W=105 cloud=5/15 DP=0.9041s recon=14.9118s
n=15 density=dense  K=10 instance=4 N=38 W=146 cloud=3/15 DP=1.6152s recon=35.2602s
n=15 density=dense  K=20 instance=4 N=38 W=226 cloud=2/15 DP=3.6044s recon=89.1396s
n=15 density=dense  K=40 instance=4 N=38 W=384 cloud=2/15 DP=9.9516s recon=244.9714s
n=15 density=dense  K=80 instance=4 TIMEOUT
n=15 density=dense  K= 5 instance=5 N=39 W=108 cloud=3/15 DP=1.7908s recon=42.9677s
n=15 density=dense  K=10 instance=5 N=39 W=156 cloud=2/15 DP=3.3380s recon=95.5474s
n=15 density=dense  K=20 instance=5 N=39 W=254 cloud=2/15 DP=8.0750s recon=231.2404s
n=15 density=dense  K=40 instance=5 TIMEOUT
n=15 density=dense  K=80 instance=5 TIMEOUT
n=20 density=sparse K= 5 instance=1 N=30 W=145 cloud=5/20 DP=1.3635s recon=20.6755s
n=20 density=sparse K=10 instance=1 N=30 W=199 cloud=4/20 DP=2.5940s recon=46.2740s
n=20 density=sparse K=20 instance=1 N=30 W=306 cloud=3/20 DP=6.3997s recon=111.3364s
n=20 density=sparse K=40 instance=1 TIMEOUT
n=20 density=sparse K=80 instance=1 TIMEOUT
n=20 density=sparse K= 5 instance=2 N=30 W=123 cloud=5/20 DP=0.3672s recon=5.4752s
n=20 density=sparse K=10 instance=2 N=30 W=163 cloud=5/20 DP=0.6907s recon=9.9909s
n=20 density=sparse K=20 instance=2 N=30 W=239 cloud=4/20 DP=1.6022s recon=30.3036s
n=20 density=sparse K=40 instance=2 N=30 W=392 cloud=3/20 DP=4.7902s recon=93.5142s
n=20 density=sparse K=80 instance=2 TIMEOUT
n=20 density=sparse K= 5 instance=3 N=30 W=146 cloud=5/20 DP=1.1552s recon=17.7396s
n=20 density=sparse K=10 instance=3 N=30 W=193 cloud=5/20 DP=2.2540s recon=39.5886s
n=20 density=sparse K=20 instance=3 N=30 W=289 cloud=5/20 DP=5.6339s recon=96.5987s
n=20 density=sparse K=40 instance=3 TIMEOUT
n=20 density=sparse K=80 instance=3 TIMEOUT
n=20 density=sparse K= 5 instance=4 N=30 W=137 cloud=4/20 DP=1.5273s recon=31.6990s
n=20 density=sparse K=10 instance=4 N=30 W=191 cloud=4/20 DP=2.9982s recon=57.5183s
n=20 density=sparse K=20 instance=4 N=30 W=298 cloud=4/20 DP=7.3843s recon=141.0833s
n=20 density=sparse K=40 instance=4 TIMEOUT
n=20 density=sparse K=80 instance=4 TIMEOUT
n=20 density=sparse K= 5 instance=5 N=30 W=128 cloud=4/20 DP=0.6527s recon=14.2165s
n=20 density=sparse K=10 instance=5 N=30 W=172 cloud=4/20 DP=1.1254s recon=22.5704s
n=20 density=sparse K=20 instance=5 N=30 W=258 cloud=3/20 DP=2.4225s recon=49.2607s
n=20 density=sparse K=40 instance=5 N=30 W=430 cloud=3/20 DP=6.7715s recon=136.2207s
n=20 density=sparse K=80 instance=5 TIMEOUT
n=20 density=light  K= 5 instance=1 N=35 W=143 cloud=6/20 DP=1.4704s recon=24.5191s
n=20 density=light  K=10 instance=1 N=35 W=194 cloud=5/20 DP=2.6619s recon=39.3245s
n=20 density=light  K=20 instance=1 N=35 W=293 cloud=2/20 DP=6.3101s recon=162.9422s
n=20 density=light  K=40 instance=1 TIMEOUT
n=20 density=light  K=80 instance=1 TIMEOUT
n=20 density=light  K= 5 instance=2 N=33 W=146 cloud=6/20 DP=2.1037s recon=35.3290s
n=20 density=light  K=10 instance=2 N=33 W=190 cloud=4/20 DP=3.5283s recon=64.6317s
n=20 density=light  K=20 instance=2 N=33 W=275 cloud=2/20 DP=7.4740s recon=175.5100s
n=20 density=light  K=40 instance=2 TIMEOUT
n=20 density=light  K=80 instance=2 TIMEOUT
n=20 density=light  K= 5 instance=3 N=35 W=149 cloud=5/20 DP=1.4977s recon=35.5779s
n=20 density=light  K=10 instance=3 N=35 W=207 cloud=5/20 DP=3.0021s recon=73.6795s
n=20 density=light  K=20 instance=3 N=35 W=320 cloud=4/20 DP=7.8187s recon=209.5182s
n=20 density=light  K=40 instance=3 TIMEOUT
n=20 density=light  K=80 instance=3 TIMEOUT
n=20 density=light  K= 5 instance=4 N=34 W=131 cloud=4/20 DP=1.0090s recon=20.2841s
n=20 density=light  K=10 instance=4 N=34 W=186 cloud=4/20 DP=1.9601s recon=38.6190s
n=20 density=light  K=20 instance=4 N=34 W=302 cloud=3/20 DP=5.0288s recon=110.1485s
n=20 density=light  K=40 instance=4 TIMEOUT
n=20 density=light  K=80 instance=4 Cannot locate run_lawler; file unchanged.
usage: lawler_combined.py [-h] [--output OUTPUT] [--timeout TIMEOUT]
                          [--retry-failed]
lawler_combined.py: error: unrecognized arguments: --max-retries 3 --timeout-multiplier 2
Traceback (most recent call last):
  File "/home/nbl0582/scheduling/lawler/lawler_combined.py", line 407, in <module>
    run_experiment(args.output, args)
  File "/home/nbl0582/scheduling/lawler/lawler_combined.py", line 249, in run_experiment
    saved = load_existing_results(output_dir)
            ^^^^^^^^^^^^^^^^^^^^^^^^^^^^^^^^^
  File "/home/nbl0582/scheduling/lawler/lawler_combined.py", line 241, in load_existing_results
    raise ValueError(f'Duplicate instance_id {instance_id} in {path}')
ValueError: Duplicate instance_id 1 in /home/nbl0582/scheduling/lawler/lawler_combined_results/results.csv
Full factorial: 800 runs; 315 already complete; 344 saved rows
n=15 density=sparse K=80 instance=2
    Timeout 1/4 (limit 300s)
Full factorial: 800 runs; 315 already complete; 344 saved rows
n=15 density=sparse K=80 instance=2
    ok cloud=0 DP=16.242335747927427s
n=15 density=light K=80 instance=4
    ok cloud=0 DP=28.565304786898196s
n=15 density=medium K=80 instance=1
    ok cloud=0 DP=16.87053895997815s
n=15 density=medium K=80 instance=2
    ok cloud=2 DP=21.986246444983408s
n=15 density=medium K=40 instance=3
    ok cloud=0 DP=12.997317413100973s
n=15 density=medium K=80 instance=3
    TIMEOUT after 1000.0s (limit 1000s); moving on
    timeout cloud= DP=s
n=15 density=medium K=80 instance=4
    ok cloud=0 DP=28.190988109912723s
n=15 density=medium K=80 instance=5
    ok cloud=0 DP=12.759474613936618s
n=15 density=dense K=80 instance=1
    ok cloud=2 DP=23.967416336061433s
n=15 density=dense K=80 instance=2
    TIMEOUT after 1000.0s (limit 1000s); moving on
    timeout cloud= DP=s
n=15 density=dense K=80 instance=3
    ok cloud=2 DP=30.109536954201758s
n=15 density=dense K=80 instance=4
    TIMEOUT after 1000.0s (limit 1000s); moving on
    timeout cloud= DP=s
n=15 density=dense K=40 instance=5
    ok cloud=1 DP=25.00127008999698s
n=15 density=dense K=80 instance=5
    TIMEOUT after 1000.0s (limit 1000s); moving on
    timeout cloud= DP=s
n=20 density=sparse K=40 instance=1
    ok cloud=1 DP=20.671471696114168s
n=20 density=sparse K=80 instance=1
Full factorial: 800 runs; 326 already complete; 344 saved rows
n=15 density=medium K=80 instance=3
    TIMEOUT after 1000.0s (limit 1000s); moving on
    timeout cloud= DP=s
n=15 density=dense K=80 instance=2
    TIMEOUT after 1000.0s (limit 1000s); moving on
    timeout cloud= DP=s
n=15 density=dense K=80 instance=4
    TIMEOUT after 1000.0s (limit 1000s); moving on
    timeout cloud= DP=s
n=15 density=dense K=80 instance=5
Full factorial: 800 runs; 326 already complete; 344 saved rows
n=15 density=medium K=80 instance=3
Traceback (most recent call last):
  File "/home/nbl0582/scheduling/lawler/lawler_combined.py", line 361, in <module>
    main()
  File "/home/nbl0582/scheduling/lawler/lawler_combined.py", line 357, in main
    run(main_args)
  File "/home/nbl0582/scheduling/lawler/lawler_combined.py", line 269, in run
    raise ValueError(
ValueError: 300 existing rows are outside the requested 800-run factorial grid. Existing CSV left unchanged. Use a separate --output folder for this experiment.
Traceback (most recent call last):
  File "/home/nbl0582/scheduling/lawler/lawler_combined.py", line 361, in <module>
    main()
  File "/home/nbl0582/scheduling/lawler/lawler_combined.py", line 357, in main
    run(main_args)
  File "/home/nbl0582/scheduling/lawler/lawler_combined.py", line 269, in run
    raise ValueError(
ValueError: 300 existing rows are outside the requested 800-run factorial grid. Existing CSV left unchanged. Use a separate --output folder for this experiment.
Full factorial: 800 runs; 326 complete; 456 uncovered; 0 incomplete/error; 18 previous timeouts
PHASE 1: uncovered cases
[uncovered] n=20 density=light K=80 instance=4
    TIMEOUT after 400.0s (limit 400s); moving on
    timeout cloud= DP=s
[uncovered] n=20 density=light K=5 instance=5
    ok cloud=4 DP=0.9435232100076973s
[uncovered] n=20 density=light K=10 instance=5
    ok cloud=5 DP=1.5749027880374342s
[uncovered] n=20 density=light K=20 instance=5
    ok cloud=4 DP=3.696107001043856s
[uncovered] n=20 density=light K=40 instance=5
    ok cloud=3 DP=11.170374220004305s
[uncovered] n=20 density=light K=80 instance=5
